Archive member included because of file (symbol)

c:/program files (x86)/gnu tools arm embedded/4.9 2015q3/bin/../lib/gcc/arm-none-eabi/4.9.3/../../../../arm-none-eabi/lib/armv7e-m\libg.a(lib_a-memcpy.o)
                              ..\obj\hc06.o (memcpy)
c:/program files (x86)/gnu tools arm embedded/4.9 2015q3/bin/../lib/gcc/arm-none-eabi/4.9.3/../../../../arm-none-eabi/lib/armv7e-m\libg.a(lib_a-memset.o)
                              ..\obj\hc06.o (memset)
c:/program files (x86)/gnu tools arm embedded/4.9 2015q3/bin/../lib/gcc/arm-none-eabi/4.9.3/../../../../arm-none-eabi/lib/armv7e-m\libg.a(lib_a-strcmp.o)
                              ..\obj\hc06.o (strcmp)
c:/program files (x86)/gnu tools arm embedded/4.9 2015q3/bin/../lib/gcc/arm-none-eabi/4.9.3/../../../../arm-none-eabi/lib/armv7e-m\libg.a(lib_a-strlen.o)
                              ..\obj\hc06.o (strlen)

Allocating common symbols
Common symbol       size              file

HC06_rx_buffer      0x28              ..\obj\hc06.o
HC06_msg            0x28              ..\obj\hc06.o

Discarded input sections

 .text          0x00000000        0x0 ..\obj\semihosting.o
 .data          0x00000000        0x0 ..\obj\semihosting.o
 .bss           0x00000000       0x11 ..\obj\semihosting.o
 .text.SH_SendChar
                0x00000000       0x68 ..\obj\semihosting.o
 .text.SH_SendString
                0x00000000       0x24 ..\obj\semihosting.o
 .text.SH_GetChar
                0x00000000       0x40 ..\obj\semihosting.o
 .debug_info    0x00000000      0x12b ..\obj\semihosting.o
 .debug_abbrev  0x00000000       0xab ..\obj\semihosting.o
 .debug_aranges
                0x00000000       0x30 ..\obj\semihosting.o
 .debug_ranges  0x00000000       0x20 ..\obj\semihosting.o
 .debug_line    0x00000000       0xa8 ..\obj\semihosting.o
 .debug_str     0x00000000      0x182 ..\obj\semihosting.o
 .comment       0x00000000       0x71 ..\obj\semihosting.o
 .debug_frame   0x00000000       0x7c ..\obj\semihosting.o
 .ARM.attributes
                0x00000000       0x33 ..\obj\semihosting.o
 .text          0x00000000        0x0 ..\obj\stm32f4xx_usart.o
 .data          0x00000000        0x0 ..\obj\stm32f4xx_usart.o
 .bss           0x00000000        0x0 ..\obj\stm32f4xx_usart.o
 .text.USART_DeInit
                0x00000000       0xd0 ..\obj\stm32f4xx_usart.o
 .text.USART_StructInit
                0x00000000       0x38 ..\obj\stm32f4xx_usart.o
 .text.USART_ClockInit
                0x00000000       0x54 ..\obj\stm32f4xx_usart.o
 .text.USART_ClockStructInit
                0x00000000       0x2c ..\obj\stm32f4xx_usart.o
 .text.USART_SetPrescaler
                0x00000000       0x38 ..\obj\stm32f4xx_usart.o
 .text.USART_OverSampling8Cmd
                0x00000000       0x44 ..\obj\stm32f4xx_usart.o
 .text.USART_OneBitMethodCmd
                0x00000000       0x40 ..\obj\stm32f4xx_usart.o
 .text.USART_SetAddress
                0x00000000       0x38 ..\obj\stm32f4xx_usart.o
 .text.USART_ReceiverWakeUpCmd
                0x00000000       0x40 ..\obj\stm32f4xx_usart.o
 .text.USART_WakeUpConfig
                0x00000000       0x38 ..\obj\stm32f4xx_usart.o
 .text.USART_LINBreakDetectLengthConfig
                0x00000000       0x38 ..\obj\stm32f4xx_usart.o
 .text.USART_LINCmd
                0x00000000       0x40 ..\obj\stm32f4xx_usart.o
 .text.USART_SendBreak
                0x00000000       0x24 ..\obj\stm32f4xx_usart.o
 .text.USART_HalfDuplexCmd
                0x00000000       0x40 ..\obj\stm32f4xx_usart.o
 .text.USART_SetGuardTime
                0x00000000       0x3c ..\obj\stm32f4xx_usart.o
 .text.USART_SmartCardCmd
                0x00000000       0x40 ..\obj\stm32f4xx_usart.o
 .text.USART_SmartCardNACKCmd
                0x00000000       0x40 ..\obj\stm32f4xx_usart.o
 .text.USART_IrDAConfig
                0x00000000       0x38 ..\obj\stm32f4xx_usart.o
 .text.USART_IrDACmd
                0x00000000       0x40 ..\obj\stm32f4xx_usart.o
 .text.USART_DMACmd
                0x00000000       0x48 ..\obj\stm32f4xx_usart.o
 .text.USART_GetFlagStatus
                0x00000000       0x38 ..\obj\stm32f4xx_usart.o
 .text.USART_ClearFlag
                0x00000000       0x20 ..\obj\stm32f4xx_usart.o
 .text.USART_ClearITPendingBit
                0x00000000       0x38 ..\obj\stm32f4xx_usart.o
 .text          0x00000000        0x0 ..\obj\stm32f4xx_pwr.o
 .data          0x00000000        0x0 ..\obj\stm32f4xx_pwr.o
 .bss           0x00000000        0x0 ..\obj\stm32f4xx_pwr.o
 .text.PWR_DeInit
                0x00000000       0x1c ..\obj\stm32f4xx_pwr.o
 .text.PWR_BackupAccessCmd
                0x00000000       0x20 ..\obj\stm32f4xx_pwr.o
 .text.PWR_PVDLevelConfig
                0x00000000       0x38 ..\obj\stm32f4xx_pwr.o
 .text.PWR_PVDCmd
                0x00000000       0x20 ..\obj\stm32f4xx_pwr.o
 .text.PWR_WakeUpPinCmd
                0x00000000       0x20 ..\obj\stm32f4xx_pwr.o
 .text.PWR_BackupRegulatorCmd
                0x00000000       0x20 ..\obj\stm32f4xx_pwr.o
 .text.PWR_MainRegulatorModeConfig
                0x00000000       0x38 ..\obj\stm32f4xx_pwr.o
 .text.PWR_FlashPowerDownCmd
                0x00000000       0x20 ..\obj\stm32f4xx_pwr.o
 .text.PWR_EnterSTOPMode
                0x00000000       0x64 ..\obj\stm32f4xx_pwr.o
 .text.PWR_EnterSTANDBYMode
                0x00000000       0x3c ..\obj\stm32f4xx_pwr.o
 .text.PWR_GetFlagStatus
                0x00000000       0x34 ..\obj\stm32f4xx_pwr.o
 .text.PWR_ClearFlag
                0x00000000       0x24 ..\obj\stm32f4xx_pwr.o
 .debug_info    0x00000000      0x4fc ..\obj\stm32f4xx_pwr.o
 .debug_abbrev  0x00000000      0x17f ..\obj\stm32f4xx_pwr.o
 .debug_aranges
                0x00000000       0x78 ..\obj\stm32f4xx_pwr.o
 .debug_ranges  0x00000000       0x68 ..\obj\stm32f4xx_pwr.o
 .debug_line    0x00000000      0x2b1 ..\obj\stm32f4xx_pwr.o
 .debug_str     0x00000000      0x389 ..\obj\stm32f4xx_pwr.o
 .comment       0x00000000       0x71 ..\obj\stm32f4xx_pwr.o
 .debug_frame   0x00000000      0x1dc ..\obj\stm32f4xx_pwr.o
 .ARM.attributes
                0x00000000       0x33 ..\obj\stm32f4xx_pwr.o
 .text          0x00000000        0x0 ..\obj\startup_stm32f4xx.o
 .data          0x00000000        0x0 ..\obj\startup_stm32f4xx.o
 .bss           0x00000000        0x0 ..\obj\startup_stm32f4xx.o
 .text          0x00000000        0x0 ..\obj\main.o
 .data          0x00000000        0x0 ..\obj\main.o
 .bss           0x00000000        0x0 ..\obj\main.o
 .text          0x00000000        0x0 ..\obj\stm32f4xx_rcc.o
 .bss           0x00000000        0x0 ..\obj\stm32f4xx_rcc.o
 .text.RCC_DeInit
                0x00000000       0x50 ..\obj\stm32f4xx_rcc.o
 .text.RCC_HSEConfig
                0x00000000       0x24 ..\obj\stm32f4xx_rcc.o
 .text.RCC_WaitForHSEStartUp
                0x00000000       0x50 ..\obj\stm32f4xx_rcc.o
 .text.RCC_AdjustHSICalibrationValue
                0x00000000       0x3c ..\obj\stm32f4xx_rcc.o
 .text.RCC_HSICmd
                0x00000000       0x20 ..\obj\stm32f4xx_rcc.o
 .text.RCC_LSEConfig
                0x00000000       0x40 ..\obj\stm32f4xx_rcc.o
 .text.RCC_LSICmd
                0x00000000       0x20 ..\obj\stm32f4xx_rcc.o
 .text.RCC_PLLConfig
                0x00000000       0x3c ..\obj\stm32f4xx_rcc.o
 .text.RCC_PLLCmd
                0x00000000       0x20 ..\obj\stm32f4xx_rcc.o
 .text.RCC_PLLI2SConfig
                0x00000000       0x28 ..\obj\stm32f4xx_rcc.o
 .text.RCC_PLLI2SCmd
                0x00000000       0x20 ..\obj\stm32f4xx_rcc.o
 .text.RCC_ClockSecuritySystemCmd
                0x00000000       0x20 ..\obj\stm32f4xx_rcc.o
 .text.RCC_MCO1Config
                0x00000000       0x3c ..\obj\stm32f4xx_rcc.o
 .text.RCC_MCO2Config
                0x00000000       0x3c ..\obj\stm32f4xx_rcc.o
 .text.RCC_SYSCLKConfig
                0x00000000       0x38 ..\obj\stm32f4xx_rcc.o
 .text.RCC_GetSYSCLKSource
                0x00000000       0x20 ..\obj\stm32f4xx_rcc.o
 .text.RCC_HCLKConfig
                0x00000000       0x38 ..\obj\stm32f4xx_rcc.o
 .text.RCC_PCLK1Config
                0x00000000       0x38 ..\obj\stm32f4xx_rcc.o
 .text.RCC_PCLK2Config
                0x00000000       0x38 ..\obj\stm32f4xx_rcc.o
 .text.RCC_RTCCLKConfig
                0x00000000       0x5c ..\obj\stm32f4xx_rcc.o
 .text.RCC_RTCCLKCmd
                0x00000000       0x20 ..\obj\stm32f4xx_rcc.o
 .text.RCC_BackupResetCmd
                0x00000000       0x20 ..\obj\stm32f4xx_rcc.o
 .text.RCC_I2SCLKConfig
                0x00000000       0x1c ..\obj\stm32f4xx_rcc.o
 .text.RCC_AHB2PeriphClockCmd
                0x00000000       0x3c ..\obj\stm32f4xx_rcc.o
 .text.RCC_AHB3PeriphClockCmd
                0x00000000       0x3c ..\obj\stm32f4xx_rcc.o
 .text.RCC_APB1PeriphClockCmd
                0x00000000       0x3c ..\obj\stm32f4xx_rcc.o
 .text.RCC_AHB1PeriphResetCmd
                0x00000000       0x3c ..\obj\stm32f4xx_rcc.o
 .text.RCC_AHB2PeriphResetCmd
                0x00000000       0x3c ..\obj\stm32f4xx_rcc.o
 .text.RCC_AHB3PeriphResetCmd
                0x00000000       0x3c ..\obj\stm32f4xx_rcc.o
 .text.RCC_APB1PeriphResetCmd
                0x00000000       0x3c ..\obj\stm32f4xx_rcc.o
 .text.RCC_APB2PeriphResetCmd
                0x00000000       0x3c ..\obj\stm32f4xx_rcc.o
 .text.RCC_AHB1PeriphClockLPModeCmd
                0x00000000       0x3c ..\obj\stm32f4xx_rcc.o
 .text.RCC_AHB2PeriphClockLPModeCmd
                0x00000000       0x3c ..\obj\stm32f4xx_rcc.o
 .text.RCC_AHB3PeriphClockLPModeCmd
                0x00000000       0x3c ..\obj\stm32f4xx_rcc.o
 .text.RCC_APB1PeriphClockLPModeCmd
                0x00000000       0x3c ..\obj\stm32f4xx_rcc.o
 .text.RCC_APB2PeriphClockLPModeCmd
                0x00000000       0x3c ..\obj\stm32f4xx_rcc.o
 .text.RCC_ITConfig
                0x00000000       0x4c ..\obj\stm32f4xx_rcc.o
 .text.RCC_GetFlagStatus
                0x00000000       0x74 ..\obj\stm32f4xx_rcc.o
 .text.RCC_ClearFlag
                0x00000000       0x1c ..\obj\stm32f4xx_rcc.o
 .text.RCC_GetITStatus
                0x00000000       0x38 ..\obj\stm32f4xx_rcc.o
 .text.RCC_ClearITPendingBit
                0x00000000       0x20 ..\obj\stm32f4xx_rcc.o
 .text          0x00000000        0x0 ..\obj\printf.o
 .data          0x00000000      0x42c ..\obj\printf.o
 .bss           0x00000000        0x0 ..\obj\printf.o
 .text.PrintChar
                0x00000000       0x18 ..\obj\printf.o
 .text.PutChar  0x00000000       0x20 ..\obj\printf.o
 .text.PutString
                0x00000000       0x3c ..\obj\printf.o
 .text.PutUnsignedInt
                0x00000000       0xa0 ..\obj\printf.o
 .text.PutSignedInt
                0x00000000      0x104 ..\obj\printf.o
 .text.PutHexa  0x00000000       0xd8 ..\obj\printf.o
 .text.vsnprintf
                0x00000000      0x25c ..\obj\printf.o
 .text.snprintf
                0x00000000       0x30 ..\obj\printf.o
 .text.vsprintf
                0x00000000       0x24 ..\obj\printf.o
 .rodata        0x00000000       0x24 ..\obj\printf.o
 .text.vfprintf
                0x00000000       0x68 ..\obj\printf.o
 .text.vprintf  0x00000000       0x28 ..\obj\printf.o
 .text.fprintf  0x00000000       0x2c ..\obj\printf.o
 .text.printf   0x00000000       0x28 ..\obj\printf.o
 .text.sprintf  0x00000000       0x2c ..\obj\printf.o
 .text.puts     0x00000000       0x24 ..\obj\printf.o
 .text.fputc    0x00000000       0x40 ..\obj\printf.o
 .text.fputs    0x00000000       0x48 ..\obj\printf.o
 .debug_info    0x00000000      0xe38 ..\obj\printf.o
 .debug_abbrev  0x00000000      0x27e ..\obj\printf.o
 .debug_aranges
                0x00000000       0xa0 ..\obj\printf.o
 .debug_ranges  0x00000000       0x90 ..\obj\printf.o
 .debug_line    0x00000000      0x371 ..\obj\printf.o
 .debug_str     0x00000000      0x64f ..\obj\printf.o
 .comment       0x00000000       0x71 ..\obj\printf.o
 .debug_frame   0x00000000      0x2dc ..\obj\printf.o
 .ARM.attributes
                0x00000000       0x33 ..\obj\printf.o
 .text          0x00000000        0x0 ..\obj\stm32f4xx_gpio.o
 .data          0x00000000        0x0 ..\obj\stm32f4xx_gpio.o
 .bss           0x00000000        0x0 ..\obj\stm32f4xx_gpio.o
 .text.GPIO_DeInit
                0x00000000      0x120 ..\obj\stm32f4xx_gpio.o
 .text.GPIO_StructInit
                0x00000000       0x34 ..\obj\stm32f4xx_gpio.o
 .text.GPIO_PinLockConfig
                0x00000000       0x44 ..\obj\stm32f4xx_gpio.o
 .text.GPIO_ReadInputDataBit
                0x00000000       0x34 ..\obj\stm32f4xx_gpio.o
 .text.GPIO_ReadInputData
                0x00000000       0x1c ..\obj\stm32f4xx_gpio.o
 .text.GPIO_ReadOutputDataBit
                0x00000000       0x34 ..\obj\stm32f4xx_gpio.o
 .text.GPIO_ReadOutputData
                0x00000000       0x1c ..\obj\stm32f4xx_gpio.o
 .text.GPIO_SetBits
                0x00000000       0x1c ..\obj\stm32f4xx_gpio.o
 .text.GPIO_ResetBits
                0x00000000       0x1c ..\obj\stm32f4xx_gpio.o
 .text.GPIO_WriteBit
                0x00000000       0x30 ..\obj\stm32f4xx_gpio.o
 .text.GPIO_Write
                0x00000000       0x1c ..\obj\stm32f4xx_gpio.o
 .text.GPIO_ToggleBits
                0x00000000       0x24 ..\obj\stm32f4xx_gpio.o
 .data          0x00000000        0x0 ..\obj\sh_cmd.o
 .bss           0x00000000        0x0 ..\obj\sh_cmd.o
 .text          0x00000000        0x0 ..\obj\system_stm32f4xx.o
 .bss           0x00000000        0x0 ..\obj\system_stm32f4xx.o
 .text          0x00000000        0x0 ..\obj\syscalls.o
 .data          0x00000000        0x0 ..\obj\syscalls.o
 .bss           0x00000000        0x4 ..\obj\syscalls.o
 .text._sbrk    0x00000000       0x40 ..\obj\syscalls.o
 .text.link     0x00000000       0x1c ..\obj\syscalls.o
 .text._close   0x00000000       0x18 ..\obj\syscalls.o
 .text._fstat   0x00000000       0x20 ..\obj\syscalls.o
 .text._isatty  0x00000000       0x18 ..\obj\syscalls.o
 .text._lseek   0x00000000       0x1c ..\obj\syscalls.o
 .text._read    0x00000000       0x1c ..\obj\syscalls.o
 .text._write   0x00000000       0x1c ..\obj\syscalls.o
 .text.abort    0x00000000        0x8 ..\obj\syscalls.o
 .debug_info    0x00000000      0x3ee ..\obj\syscalls.o
 .debug_abbrev  0x00000000       0xe2 ..\obj\syscalls.o
 .debug_aranges
                0x00000000       0x60 ..\obj\syscalls.o
 .debug_ranges  0x00000000       0x50 ..\obj\syscalls.o
 .debug_line    0x00000000      0x170 ..\obj\syscalls.o
 .debug_str     0x00000000      0x2c0 ..\obj\syscalls.o
 .comment       0x00000000       0x71 ..\obj\syscalls.o
 .debug_frame   0x00000000      0x168 ..\obj\syscalls.o
 .ARM.attributes
                0x00000000       0x33 ..\obj\syscalls.o
 .text          0x00000000        0x0 ..\obj\misc.o
 .data          0x00000000        0x0 ..\obj\misc.o
 .bss           0x00000000        0x0 ..\obj\misc.o
 .text.NVIC_PriorityGroupConfig
                0x00000000       0x24 ..\obj\misc.o
 .text.NVIC_SetVectorTable
                0x00000000       0x2c ..\obj\misc.o
 .text.NVIC_SystemLPConfig
                0x00000000       0x40 ..\obj\misc.o
 .text.SysTick_CLKSourceConfig
                0x00000000       0x38 ..\obj\misc.o
 .text          0x00000000        0x0 ..\obj\hc06.o
 .data          0x00000000        0x0 ..\obj\hc06.o
 .text.HC06_Test
                0x00000000       0x68 ..\obj\hc06.o
 .text.HC06_SetBaud
                0x00000000      0x1e4 ..\obj\hc06.o
 .text.HC06_SetName
                0x00000000       0x8c ..\obj\hc06.o
 .text.HC06_SetPin
                0x00000000       0x98 ..\obj\hc06.o
 .data          0x00000000        0x0 c:/program files (x86)/gnu tools arm embedded/4.9 2015q3/bin/../lib/gcc/arm-none-eabi/4.9.3/../../../../arm-none-eabi/lib/armv7e-m\libg.a(lib_a-memcpy.o)
 .bss           0x00000000        0x0 c:/program files (x86)/gnu tools arm embedded/4.9 2015q3/bin/../lib/gcc/arm-none-eabi/4.9.3/../../../../arm-none-eabi/lib/armv7e-m\libg.a(lib_a-memcpy.o)
 .text          0x00000000        0x0 c:/program files (x86)/gnu tools arm embedded/4.9 2015q3/bin/../lib/gcc/arm-none-eabi/4.9.3/../../../../arm-none-eabi/lib/armv7e-m\libg.a(lib_a-memset.o)
 .data          0x00000000        0x0 c:/program files (x86)/gnu tools arm embedded/4.9 2015q3/bin/../lib/gcc/arm-none-eabi/4.9.3/../../../../arm-none-eabi/lib/armv7e-m\libg.a(lib_a-memset.o)
 .bss           0x00000000        0x0 c:/program files (x86)/gnu tools arm embedded/4.9 2015q3/bin/../lib/gcc/arm-none-eabi/4.9.3/../../../../arm-none-eabi/lib/armv7e-m\libg.a(lib_a-memset.o)
 .text          0x00000000      0x2dc c:/program files (x86)/gnu tools arm embedded/4.9 2015q3/bin/../lib/gcc/arm-none-eabi/4.9.3/../../../../arm-none-eabi/lib/armv7e-m\libg.a(lib_a-strcmp.o)
 .data          0x00000000        0x0 c:/program files (x86)/gnu tools arm embedded/4.9 2015q3/bin/../lib/gcc/arm-none-eabi/4.9.3/../../../../arm-none-eabi/lib/armv7e-m\libg.a(lib_a-strcmp.o)
 .bss           0x00000000        0x0 c:/program files (x86)/gnu tools arm embedded/4.9 2015q3/bin/../lib/gcc/arm-none-eabi/4.9.3/../../../../arm-none-eabi/lib/armv7e-m\libg.a(lib_a-strcmp.o)
 .eh_frame      0x00000000       0x70 c:/program files (x86)/gnu tools arm embedded/4.9 2015q3/bin/../lib/gcc/arm-none-eabi/4.9.3/../../../../arm-none-eabi/lib/armv7e-m\libg.a(lib_a-strcmp.o)
 .ARM.attributes
                0x00000000       0x1c c:/program files (x86)/gnu tools arm embedded/4.9 2015q3/bin/../lib/gcc/arm-none-eabi/4.9.3/../../../../arm-none-eabi/lib/armv7e-m\libg.a(lib_a-strcmp.o)
 .text          0x00000000        0x0 c:/program files (x86)/gnu tools arm embedded/4.9 2015q3/bin/../lib/gcc/arm-none-eabi/4.9.3/../../../../arm-none-eabi/lib/armv7e-m\libg.a(lib_a-strlen.o)
 .data          0x00000000        0x0 c:/program files (x86)/gnu tools arm embedded/4.9 2015q3/bin/../lib/gcc/arm-none-eabi/4.9.3/../../../../arm-none-eabi/lib/armv7e-m\libg.a(lib_a-strlen.o)
 .bss           0x00000000        0x0 c:/program files (x86)/gnu tools arm embedded/4.9 2015q3/bin/../lib/gcc/arm-none-eabi/4.9.3/../../../../arm-none-eabi/lib/armv7e-m\libg.a(lib_a-strlen.o)
 .text.strlen   0x00000000       0x5c c:/program files (x86)/gnu tools arm embedded/4.9 2015q3/bin/../lib/gcc/arm-none-eabi/4.9.3/../../../../arm-none-eabi/lib/armv7e-m\libg.a(lib_a-strlen.o)
 .debug_frame   0x00000000       0x20 c:/program files (x86)/gnu tools arm embedded/4.9 2015q3/bin/../lib/gcc/arm-none-eabi/4.9.3/../../../../arm-none-eabi/lib/armv7e-m\libg.a(lib_a-strlen.o)
 .ARM.attributes
                0x00000000       0x2e c:/program files (x86)/gnu tools arm embedded/4.9 2015q3/bin/../lib/gcc/arm-none-eabi/4.9.3/../../../../arm-none-eabi/lib/armv7e-m\libg.a(lib_a-strlen.o)

Memory Configuration

Name             Origin             Length             Attributes
rom              0x08000000         0x00040000         xr
ram              0x20000000         0x00010000         xrw
*default*        0x00000000         0xffffffff

Linker script and memory map

                0x20010000                _eram = 0x20010000

.text           0x08000000     0x10e5
 *(.isr_vector)
 .isr_vector    0x08000000      0x188 ..\obj\startup_stm32f4xx.o
                0x08000000                g_pfnVectors
 *(.text*)
 .text.USART_Init
                0x08000188      0x178 ..\obj\stm32f4xx_usart.o
                0x08000188                USART_Init
 .text.USART_Cmd
                0x08000300       0x40 ..\obj\stm32f4xx_usart.o
                0x08000300                USART_Cmd
 .text.USART_SendData
                0x08000340       0x24 ..\obj\stm32f4xx_usart.o
                0x08000340                USART_SendData
 .text.USART_ReceiveData
                0x08000364       0x20 ..\obj\stm32f4xx_usart.o
                0x08000364                USART_ReceiveData
 .text.USART_ITConfig
                0x08000384       0x90 ..\obj\stm32f4xx_usart.o
                0x08000384                USART_ITConfig
 .text.USART_GetITStatus
                0x08000414       0xb8 ..\obj\stm32f4xx_usart.o
                0x08000414                USART_GetITStatus
 .text.Default_Reset_Handler
                0x080004cc       0x58 ..\obj\startup_stm32f4xx.o
                0x080004cc                Default_Reset_Handler
                0x080004cc                Reset_Handler
 .text.Default_Handler
                0x08000524        0x8 ..\obj\startup_stm32f4xx.o
                0x08000524                RTC_Alarm_IRQHandler
                0x08000524                HASH_RNG_IRQHandler
                0x08000524                EXTI2_IRQHandler
                0x08000524                TIM8_CC_IRQHandler
                0x08000524                DebugMon_Handler
                0x08000524                TIM1_CC_IRQHandler
                0x08000524                DMA2_Stream5_IRQHandler
                0x08000524                DMA1_Stream5_IRQHandler
                0x08000524                SysTick_Handler
                0x08000524                PVD_IRQHandler
                0x08000524                SDIO_IRQHandler
                0x08000524                TAMP_STAMP_IRQHandler
                0x08000524                PendSV_Handler
                0x08000524                NMI_Handler
                0x08000524                CAN2_RX1_IRQHandler
                0x08000524                EXTI3_IRQHandler
                0x08000524                TIM8_TRG_COM_TIM14_IRQHandler
                0x08000524                TIM1_UP_TIM10_IRQHandler
                0x08000524                TIM8_UP_TIM13_IRQHandler
                0x08000524                I2C3_ER_IRQHandler
                0x08000524                EXTI0_IRQHandler
                0x08000524                I2C2_EV_IRQHandler
                0x08000524                DMA1_Stream2_IRQHandler
                0x08000524                CAN1_RX0_IRQHandler
                0x08000524                FPU_IRQHandler
                0x08000524                OTG_HS_WKUP_IRQHandler
                0x08000524                UsageFault_Handler
                0x08000524                CAN2_SCE_IRQHandler
                0x08000524                DMA2_Stream2_IRQHandler
                0x08000524                SPI1_IRQHandler
                0x08000524                TIM6_DAC_IRQHandler
                0x08000524                TIM1_BRK_TIM9_IRQHandler
                0x08000524                DCMI_IRQHandler
                0x08000524                CAN2_RX0_IRQHandler
                0x08000524                DMA2_Stream3_IRQHandler
                0x08000524                USART3_IRQHandler
                0x08000524                CRYP_IRQHandler
                0x08000524                CAN1_RX1_IRQHandler
                0x08000524                UART5_IRQHandler
                0x08000524                DMA2_Stream0_IRQHandler
                0x08000524                TIM4_IRQHandler
                0x08000524                I2C1_EV_IRQHandler
                0x08000524                DMA1_Stream6_IRQHandler
                0x08000524                DMA1_Stream1_IRQHandler
                0x08000524                UART4_IRQHandler
                0x08000524                TIM3_IRQHandler
                0x08000524                RCC_IRQHandler
                0x08000524                TIM8_BRK_TIM12_IRQHandler
                0x08000524                EXTI15_10_IRQHandler
                0x08000524                ADC_IRQHandler
                0x08000524                DMA1_Stream7_IRQHandler
                0x08000524                TIM7_IRQHandler
                0x08000524                CAN2_TX_IRQHandler
                0x08000524                TIM5_IRQHandler
                0x08000524                DMA2_Stream7_IRQHandler
                0x08000524                I2C3_EV_IRQHandler
                0x08000524                EXTI9_5_IRQHandler
                0x08000524                RTC_WKUP_IRQHandler
                0x08000524                ETH_WKUP_IRQHandler
                0x08000524                SPI2_IRQHandler
                0x08000524                OTG_HS_EP1_IN_IRQHandler
                0x08000524                MemManage_Handler
                0x08000524                DMA1_Stream0_IRQHandler
                0x08000524                CAN1_TX_IRQHandler
                0x08000524                SVC_Handler
                0x08000524                EXTI4_IRQHandler
                0x08000524                FSMC_IRQHandler
                0x08000524                ETH_IRQHandler
                0x08000524                OTG_HS_EP1_OUT_IRQHandler
                0x08000524                WWDG_IRQHandler
                0x08000524                TIM2_IRQHandler
                0x08000524                OTG_FS_WKUP_IRQHandler
                0x08000524                TIM1_TRG_COM_TIM11_IRQHandler
                0x08000524                OTG_HS_IRQHandler
                0x08000524                EXTI1_IRQHandler
                0x08000524                USART2_IRQHandler
                0x08000524                I2C2_ER_IRQHandler
                0x08000524                DMA2_Stream1_IRQHandler
                0x08000524                CAN1_SCE_IRQHandler
                0x08000524                FLASH_IRQHandler
                0x08000524                DMA2_Stream4_IRQHandler
                0x08000524                BusFault_Handler
                0x08000524                USART1_IRQHandler
                0x08000524                OTG_FS_IRQHandler
                0x08000524                SPI3_IRQHandler
                0x08000524                DMA1_Stream4_IRQHandler
                0x08000524                I2C1_ER_IRQHandler
                0x08000524                DMA2_Stream6_IRQHandler
                0x08000524                DMA1_Stream3_IRQHandler
 .text.main     0x0800052c       0x20 ..\obj\main.o
                0x0800052c                main
 .text.RCC_GetClocksFreq
                0x0800054c      0x154 ..\obj\stm32f4xx_rcc.o
                0x0800054c                RCC_GetClocksFreq
 .text.RCC_AHB1PeriphClockCmd
                0x080006a0       0x3c ..\obj\stm32f4xx_rcc.o
                0x080006a0                RCC_AHB1PeriphClockCmd
 .text.RCC_APB2PeriphClockCmd
                0x080006dc       0x3c ..\obj\stm32f4xx_rcc.o
                0x080006dc                RCC_APB2PeriphClockCmd
 .text.GPIO_Init
                0x08000718      0x11c ..\obj\stm32f4xx_gpio.o
                0x08000718                GPIO_Init
 .text.GPIO_PinAFConfig
                0x08000834       0x90 ..\obj\stm32f4xx_gpio.o
                0x08000834                GPIO_PinAFConfig
 .text          0x080008c4       0x28 ..\obj\sh_cmd.o
                0x080008c4                SH_DoCommand
                0x080008d6                HardFault_Handler
 .text.SystemInit
                0x080008ec       0x58 ..\obj\system_stm32f4xx.o
                0x080008ec                SystemInit
 .text.SystemCoreClockUpdate
                0x08000944       0xf8 ..\obj\system_stm32f4xx.o
                0x08000944                SystemCoreClockUpdate
 .text.SetSysClock
                0x08000a3c       0xf4 ..\obj\system_stm32f4xx.o
 .text.NVIC_Init
                0x08000b30       0xc0 ..\obj\misc.o
                0x08000b30                NVIC_Init
 .text.HC06_Delay
                0x08000bf0       0x20 ..\obj\hc06.o
                0x08000bf0                HC06_Delay
 .text.HC06_Init
                0x08000c10       0xc4 ..\obj\hc06.o
                0x08000c10                HC06_Init
 .text.USART6_IRQHandler
                0x08000cd4       0xac ..\obj\hc06.o
                0x08000cd4                USART6_IRQHandler
 .text.HC06_PutChar
                0x08000d80       0x30 ..\obj\hc06.o
                0x08000d80                HC06_PutChar
 .text.HC06_PutStr
                0x08000db0       0x38 ..\obj\hc06.o
                0x08000db0                HC06_PutStr
 .text.HC06_ClearRxBuffer
                0x08000de8       0x28 ..\obj\hc06.o
                0x08000de8                HC06_ClearRxBuffer
 .text          0x08000e10      0x134 c:/program files (x86)/gnu tools arm embedded/4.9 2015q3/bin/../lib/gcc/arm-none-eabi/4.9.3/../../../../arm-none-eabi/lib/armv7e-m\libg.a(lib_a-memcpy.o)
                0x08000e10                memcpy
 .text.memset   0x08000f44       0x9c c:/program files (x86)/gnu tools arm embedded/4.9 2015q3/bin/../lib/gcc/arm-none-eabi/4.9.3/../../../../arm-none-eabi/lib/armv7e-m\libg.a(lib_a-memset.o)
                0x08000f44                memset
 *(.init)
 *(.fini)
 *crtbegin.o(.ctors)
 *crtbegin?.o(.ctors)
 *(EXCLUDE_FILE(*crtend.o *crtend?.o) .ctors)
 *(SORT(.ctors.*))
 *(.ctors)
 *crtbegin.o(.dtors)
 *crtbegin?.o(.dtors)
 *(EXCLUDE_FILE(*crtend.o *crtend?.o) .dtors)
 *(SORT(.dtors.*))
 *(.dtors)
 *(.rodata*)
 .rodata        0x08000fe0        0xd ..\obj\main.o
 *fill*         0x08000fed        0x3 
 .rodata        0x08000ff0       0xf5 ..\obj\hc06.o
 *(.eh_fram e*)

.glue_7         0x080010e8        0x0
 .glue_7        0x00000000        0x0 linker stubs

.glue_7t        0x080010e8        0x0
 .glue_7t       0x00000000        0x0 linker stubs

.vfp11_veneer   0x080010e8        0x0
 .vfp11_veneer  0x00000000        0x0 linker stubs

.v4_bx          0x080010e8        0x0
 .v4_bx         0x00000000        0x0 linker stubs

.iplt           0x080010e8        0x0
 .iplt          0x00000000        0x0 ..\obj\semihosting.o

.rel.dyn        0x080010e8        0x0
 .rel.iplt      0x00000000        0x0 ..\obj\semihosting.o

.ARM.extab
 *(.ARM.extab* .gnu.linkonce.armextab.*)
                0x080010e8                __exidx_start = .

.ARM.exidx
 *(.ARM.exidx* .gnu.linkonce.armexidx.*)
                0x080010e8                __exidx_end = .
                0x080010e8                __etext = .
                0x080010e5                _sidata = __etext

.data           0x20000000       0x24 load address 0x080010e5
                0x20000000                __data_start__ = .
                0x20000000                _sdata = __data_start__
 *(vtable)
 *(.data*)
 .data          0x20000000       0x10 ..\obj\stm32f4xx_rcc.o
 .data          0x20000010       0x14 ..\obj\system_stm32f4xx.o
                0x20000010                SystemCoreClock
                0x20000014                AHBPrescTable
                0x20000024                . = ALIGN (0x4)
                0x20000024                PROVIDE (__preinit_array_start, .)
 *(.preinit_array)
                0x20000024                PROVIDE (__preinit_array_end, .)
                0x20000024                . = ALIGN (0x4)
                0x20000024                PROVIDE (__init_array_start, .)
 *(SORT(.init_array.*))
 *(.init_array)
                0x20000024                PROVIDE (__init_array_end, .)
                0x20000024                . = ALIGN (0x4)
                0x20000024                PROVIDE (__fini_array_start, .)
 *(SORT(.fini_array.*))
 *(.fini_array)
                0x20000024                PROVIDE (__fini_array_end, .)
 *(.jcr*)
                0x20000024                . = ALIGN (0x4)
                0x20000024                __data_end__ = .
                0x20000024                _edata = __data_end__

.igot.plt       0x20000024        0x0 load address 0x0800110c
 .igot.plt      0x00000000        0x0 ..\obj\semihosting.o

.bss            0x20000024       0x54 load address 0x0800110c
                0x20000024                . = ALIGN (0x4)
                0x20000024                __bss_start__ = .
                0x20000024                _sbss = __bss_start__
 *(.bss*)
 .bss           0x20000024        0x2 ..\obj\hc06.o
                0x20000024                HC06_rx_counter
                0x20000025                new_HC06_msg
 *(COMMON)
 *fill*         0x20000026        0x2 
 COMMON         0x20000028       0x50 ..\obj\hc06.o
                0x20000028                HC06_rx_buffer
                0x20000050                HC06_msg
                0x20000078                . = ALIGN (0x4)
                0x20000078                __bss_end__ = .
                0x20000078                _ebss = __bss_end__

.heap           0x20000078        0x0
                0x20000078                __end__ = .
                0x20000078                _end = __end__
                0x20000078                end = __end__
 *(.heap*)
                0x20000078                __HeapLimit = .

.co_stack       0x20000078      0x800 load address 0x08001160
                0x20000078                . = ALIGN (0x8)
 *(.co_stack .co_stack.*)
 .co_stack      0x20000078      0x800 ..\obj\startup_stm32f4xx.o
                0x20000078                pulStack
                0x20010000                __StackTop = (ORIGIN (ram) + 0x10000)
                0x2000f800                __StackLimit = (__StackTop - SIZEOF (.co_stack))
                0x20010000                PROVIDE (__stack, __StackTop)
                0x00000001                ASSERT ((__StackLimit >= __HeapLimit), region ram  overflowed with stack)
LOAD ..\obj\semihosting.o
LOAD ..\obj\stm32f4xx_usart.o
LOAD ..\obj\stm32f4xx_pwr.o
LOAD ..\obj\startup_stm32f4xx.o
LOAD ..\obj\main.o
LOAD ..\obj\stm32f4xx_rcc.o
LOAD ..\obj\printf.o
LOAD ..\obj\stm32f4xx_gpio.o
LOAD ..\obj\sh_cmd.o
LOAD ..\obj\system_stm32f4xx.o
LOAD ..\obj\syscalls.o
LOAD ..\obj\misc.o
LOAD ..\obj\hc06.o
START GROUP
LOAD c:/program files (x86)/gnu tools arm embedded/4.9 2015q3/bin/../lib/gcc/arm-none-eabi/4.9.3/armv7e-m\libgcc.a
LOAD c:/program files (x86)/gnu tools arm embedded/4.9 2015q3/bin/../lib/gcc/arm-none-eabi/4.9.3/../../../../arm-none-eabi/lib/armv7e-m\libg.a
LOAD c:/program files (x86)/gnu tools arm embedded/4.9 2015q3/bin/../lib/gcc/arm-none-eabi/4.9.3/../../../../arm-none-eabi/lib/armv7e-m\libc.a
END GROUP
OUTPUT(HC-06.elf elf32-littlearm)

.debug_info     0x00000000     0x31c8
 .debug_info    0x00000000      0x9c2 ..\obj\stm32f4xx_usart.o
 .debug_info    0x000009c2       0xed ..\obj\startup_stm32f4xx.o
 .debug_info    0x00000aaf       0xb6 ..\obj\main.o
 .debug_info    0x00000b65      0xc4d ..\obj\stm32f4xx_rcc.o
 .debug_info    0x000017b2      0x602 ..\obj\stm32f4xx_gpio.o
 .debug_info    0x00001db4       0x8d ..\obj\sh_cmd.o
 .debug_info    0x00001e41      0x592 ..\obj\system_stm32f4xx.o
 .debug_info    0x000023d3      0x53d ..\obj\misc.o
 .debug_info    0x00002910      0x8b8 ..\obj\hc06.o

.debug_abbrev   0x00000000      0xa6d
 .debug_abbrev  0x00000000      0x155 ..\obj\stm32f4xx_usart.o
 .debug_abbrev  0x00000155       0xb0 ..\obj\startup_stm32f4xx.o
 .debug_abbrev  0x00000205       0x69 ..\obj\main.o
 .debug_abbrev  0x0000026e      0x1e3 ..\obj\stm32f4xx_rcc.o
 .debug_abbrev  0x00000451      0x1a3 ..\obj\stm32f4xx_gpio.o
 .debug_abbrev  0x000005f4       0x14 ..\obj\sh_cmd.o
 .debug_abbrev  0x00000608      0x136 ..\obj\system_stm32f4xx.o
 .debug_abbrev  0x0000073e      0x145 ..\obj\misc.o
 .debug_abbrev  0x00000883      0x1ea ..\obj\hc06.o

.debug_aranges  0x00000000      0x440
 .debug_aranges
                0x00000000      0x100 ..\obj\stm32f4xx_usart.o
 .debug_aranges
                0x00000100       0x28 ..\obj\startup_stm32f4xx.o
 .debug_aranges
                0x00000128       0x20 ..\obj\main.o
 .debug_aranges
                0x00000148      0x178 ..\obj\stm32f4xx_rcc.o
 .debug_aranges
                0x000002c0       0x88 ..\obj\stm32f4xx_gpio.o
 .debug_aranges
                0x00000348       0x20 ..\obj\sh_cmd.o
 .debug_aranges
                0x00000368       0x30 ..\obj\system_stm32f4xx.o
 .debug_aranges
                0x00000398       0x40 ..\obj\misc.o
 .debug_aranges
                0x000003d8       0x68 ..\obj\hc06.o

.debug_ranges   0x00000000      0x3a0
 .debug_ranges  0x00000000       0xf0 ..\obj\stm32f4xx_usart.o
 .debug_ranges  0x000000f0       0x18 ..\obj\startup_stm32f4xx.o
 .debug_ranges  0x00000108       0x10 ..\obj\main.o
 .debug_ranges  0x00000118      0x168 ..\obj\stm32f4xx_rcc.o
 .debug_ranges  0x00000280       0x78 ..\obj\stm32f4xx_gpio.o
 .debug_ranges  0x000002f8       0x20 ..\obj\system_stm32f4xx.o
 .debug_ranges  0x00000318       0x30 ..\obj\misc.o
 .debug_ranges  0x00000348       0x58 ..\obj\hc06.o

.debug_line     0x00000000     0x1749
 .debug_line    0x00000000      0x496 ..\obj\stm32f4xx_usart.o
 .debug_line    0x00000496       0x99 ..\obj\startup_stm32f4xx.o
 .debug_line    0x0000052f      0x15c ..\obj\main.o
 .debug_line    0x0000068b      0x595 ..\obj\stm32f4xx_rcc.o
 .debug_line    0x00000c20      0x337 ..\obj\stm32f4xx_gpio.o
 .debug_line    0x00000f57       0x7a ..\obj\sh_cmd.o
 .debug_line    0x00000fd1      0x1f2 ..\obj\system_stm32f4xx.o
 .debug_line    0x000011c3      0x239 ..\obj\misc.o
 .debug_line    0x000013fc      0x34d ..\obj\hc06.o

.debug_str      0x00000000     0x190b
 .debug_str     0x00000000      0x60c ..\obj\stm32f4xx_usart.o
                                0x687 (size before relaxing)
 .debug_str     0x0000060c       0xa8 ..\obj\startup_stm32f4xx.o
                                0x13f (size before relaxing)
 .debug_str     0x000006b4       0x5c ..\obj\main.o
                                0x189 (size before relaxing)
 .debug_str     0x00000710      0x5db ..\obj\stm32f4xx_rcc.o
                                0x848 (size before relaxing)
 .debug_str     0x00000ceb      0x320 ..\obj\stm32f4xx_gpio.o
                                0x49b (size before relaxing)
 .debug_str     0x0000100b      0x110 ..\obj\system_stm32f4xx.o
                                0x3a2 (size before relaxing)
 .debug_str     0x0000111b      0x1ca ..\obj\misc.o
                                0x3c6 (size before relaxing)
 .debug_str     0x000012e5      0x626 ..\obj\hc06.o
                                0xab2 (size before relaxing)

.comment        0x00000000       0x70
 .comment       0x00000000       0x70 ..\obj\stm32f4xx_usart.o
                                 0x71 (size before relaxing)
 .comment       0x00000000       0x71 ..\obj\startup_stm32f4xx.o
 .comment       0x00000000       0x71 ..\obj\main.o
 .comment       0x00000000       0x71 ..\obj\stm32f4xx_rcc.o
 .comment       0x00000000       0x71 ..\obj\stm32f4xx_gpio.o
 .comment       0x00000000       0x71 ..\obj\system_stm32f4xx.o
 .comment       0x00000000       0x71 ..\obj\misc.o
 .comment       0x00000000       0x71 ..\obj\hc06.o

.ARM.attributes
                0x00000000       0x31
 .ARM.attributes
                0x00000000       0x33 ..\obj\stm32f4xx_usart.o
 .ARM.attributes
                0x00000033       0x33 ..\obj\startup_stm32f4xx.o
 .ARM.attributes
                0x00000066       0x33 ..\obj\main.o
 .ARM.attributes
                0x00000099       0x33 ..\obj\stm32f4xx_rcc.o
 .ARM.attributes
                0x000000cc       0x33 ..\obj\stm32f4xx_gpio.o
 .ARM.attributes
                0x000000ff       0x21 ..\obj\sh_cmd.o
 .ARM.attributes
                0x00000120       0x33 ..\obj\system_stm32f4xx.o
 .ARM.attributes
                0x00000153       0x33 ..\obj\misc.o
 .ARM.attributes
                0x00000186       0x33 ..\obj\hc06.o
 .ARM.attributes
                0x000001b9       0x1c c:/program files (x86)/gnu tools arm embedded/4.9 2015q3/bin/../lib/gcc/arm-none-eabi/4.9.3/../../../../arm-none-eabi/lib/armv7e-m\libg.a(lib_a-memcpy.o)
 .ARM.attributes
                0x000001d5       0x2e c:/program files (x86)/gnu tools arm embedded/4.9 2015q3/bin/../lib/gcc/arm-none-eabi/4.9.3/../../../../arm-none-eabi/lib/armv7e-m\libg.a(lib_a-memset.o)

.debug_frame    0x00000000     0x1114
 .debug_frame   0x00000000      0x490 ..\obj\stm32f4xx_usart.o
 .debug_frame   0x00000490       0x4c ..\obj\startup_stm32f4xx.o
 .debug_frame   0x000004dc       0x2c ..\obj\main.o
 .debug_frame   0x00000508      0x6d4 ..\obj\stm32f4xx_rcc.o
 .debug_frame   0x00000bdc      0x23c ..\obj\stm32f4xx_gpio.o
 .debug_frame   0x00000e18       0x7c ..\obj\system_stm32f4xx.o
 .debug_frame   0x00000e94       0xd8 ..\obj\misc.o
 .debug_frame   0x00000f6c      0x174 ..\obj\hc06.o
 .debug_frame   0x000010e0       0x34 c:/program files (x86)/gnu tools arm embedded/4.9 2015q3/bin/../lib/gcc/arm-none-eabi/4.9.3/../../../../arm-none-eabi/lib/armv7e-m\libg.a(lib_a-memset.o)
